// Jest Snapshot v1, https://goo.gl/fbAQLP

exports[`only renders last section clicked 1`] = `
<div>
  <ul>
    <li
      key="0"
    >
      <button
        onClick={[Function]}
      >
        Section 1
      </button>
      <p />
    </li>
    <li
      key="1"
    >
      <button
        onClick={[Function]}
      >
        Section 2
      </button>
      <p>
        Cupiditate tenetur aliquam necessitatibus id distinctio quas nihil ipsam nisi modi!
      </p>
    </li>
    <li
      key="2"
    >
      <button
        onClick={[Function]}
      >
        Section 3
      </button>
      <p />
    </li>
  </ul>
</div>
`;

exports[`renders when user clicks section 1`] = `
<div>
  <ul>
    <li
      key="0"
    >
      <button
        onClick={[Function]}
      >
        Section 1
      </button>
      <p />
    </li>
    <li
      key="1"
    >
      <button
        onClick={[Function]}
      >
        Section 2
      </button>
      <p>
        Cupiditate tenetur aliquam necessitatibus id distinctio quas nihil ipsam nisi modi!
      </p>
    </li>
    <li
      key="2"
    >
      <button
        onClick={[Function]}
      >
        Section 3
      </button>
      <p />
    </li>
  </ul>
</div>
`;

exports[`renders without props 1`] = `
<div>
  <ul />
</div>
`;
