// Jest Snapshot v1, https://goo.gl/fbAQLP

exports[`TheDate Component renders UI correctly 1`] = `
<div>
  2/9/2019, 10:59:48 AM
</div>
`;
